\BOOKMARK [1][-]{section.1}{\376\377\000I\000n\000t\000r\000o\000d\000u\000c\000t\000i\000o\000n}{}% 1
\BOOKMARK [1][-]{section.2}{\376\377\000T\000o\000p\000o\000l\000o\000g\000y\000\040\000a\000n\000d\000\040\000B\000a\000s\000e\000\040\000C\000o\000n\000f\000i\000g\000u\000r\000a\000t\000i\000o\000n}{}% 2
\BOOKMARK [1][-]{section.3}{\376\377\000G\000E\000T\000V\000P\000N\000\040\000C\000o\000n\000f\000i\000g\000u\000r\000a\000t\000i\000o\000n}{}% 3
\BOOKMARK [2][-]{subsection.3.1}{\376\377\000O\000v\000e\000r\000v\000i\000e\000w\000\040\000o\000f\000\040\000t\000h\000e\000\040\000C\000o\000n\000f\000i\000g\000u\000r\000a\000t\000i\000o\000n\000\040\000M\000o\000d\000e\000l}{section.3}% 4
\BOOKMARK [2][-]{subsection.3.2}{\376\377\000K\000e\000y\000\040\000S\000e\000r\000v\000e\000r\000\040\000C\000o\000n\000f\000i\000g\000u\000r\000a\000t\000i\000o\000n\000\040\000\050\000R\0001\000\051}{section.3}% 5
\BOOKMARK [3][-]{subsubsection.3.2.1}{\376\377\000I\000K\000E\000\040\000P\000h\000a\000s\000e\000\040\0001\000\040\000P\000o\000l\000i\000c\000y}{subsection.3.2}% 6
\BOOKMARK [3][-]{subsubsection.3.2.2}{\376\377\000T\000r\000a\000n\000s\000f\000o\000r\000m\000\040\000S\000e\000t\000\040\000a\000n\000d\000\040\000I\000P\000S\000e\000c\000\040\000P\000r\000o\000f\000i\000l\000e}{subsection.3.2}% 7
\BOOKMARK [3][-]{subsubsection.3.2.3}{\376\377\000R\000S\000A\000\040\000K\000e\000y\000\040\000P\000a\000i\000r}{subsection.3.2}% 8
\BOOKMARK [3][-]{subsubsection.3.2.4}{\376\377\000T\000r\000a\000f\000f\000i\000c\000\040\000S\000e\000l\000e\000c\000t\000o\000r\000\040\000A\000C\000L}{subsection.3.2}% 9
\BOOKMARK [3][-]{subsubsection.3.2.5}{\376\377\000G\000D\000O\000I\000\040\000G\000r\000o\000u\000p}{subsection.3.2}% 10
\BOOKMARK [2][-]{subsection.3.3}{\376\377\000G\000r\000o\000u\000p\000\040\000M\000e\000m\000b\000e\000r\000\040\000C\000o\000n\000f\000i\000g\000u\000r\000a\000t\000i\000o\000n\000\040\000\050\000R\0002\000,\000\040\000R\0003\000,\000\040\000R\0004\000\051}{section.3}% 11
\BOOKMARK [1][-]{section.4}{\376\377\000V\000e\000r\000i\000f\000i\000c\000a\000t\000i\000o\000n}{}% 12
\BOOKMARK [2][-]{subsection.4.1}{\376\377\000K\000e\000y\000\040\000S\000e\000r\000v\000e\000r\000\040\000S\000t\000a\000t\000u\000s}{section.4}% 13
\BOOKMARK [2][-]{subsection.4.2}{\376\377\000G\000r\000o\000u\000p\000\040\000M\000e\000m\000b\000e\000r\000\040\000S\000t\000a\000t\000u\000s}{section.4}% 14
\BOOKMARK [1][-]{section.5}{\376\377\000L\000a\000b\000\040\000T\000a\000s\000k\000s}{}% 15
\BOOKMARK [2][-]{subsection.5.1}{\376\377\000I\000K\000E\000\040\000a\000n\000d\000\040\000G\000R\000O\000U\000P\000K\000E\000Y\000-\000P\000U\000L\000L\000\040\000A\000n\000a\000l\000y\000s\000i\000s}{section.5}% 16
\BOOKMARK [3][-]{subsubsection.5.1.1}{\376\377\000I\000K\000E\000\040\000P\000h\000a\000s\000e\000\040\0001\000\040\040\023\000\040\000M\000a\000i\000n\000\040\000M\000o\000d\000e}{subsection.5.1}% 17
\BOOKMARK [3][-]{subsubsection.5.1.2}{\376\377\000G\000R\000O\000U\000P\000K\000E\000Y\000-\000P\000U\000L\000L}{subsection.5.1}% 18
\BOOKMARK [3][-]{subsubsection.5.1.3}{\376\377\000R\000e\000p\000e\000a\000t\000e\000d\000\040\000P\000a\000t\000t\000e\000r\000n\000\040\000A\000c\000r\000o\000s\000s\000\040\000A\000l\000l\000\040\000G\000r\000o\000u\000p\000\040\000M\000e\000m\000b\000e\000r\000s}{subsection.5.1}% 19
\BOOKMARK [2][-]{subsection.5.2}{\376\377\000S\000P\000I\000\040\000C\000o\000n\000s\000i\000s\000t\000e\000n\000c\000y\000\040\000A\000c\000r\000o\000s\000s\000\040\000G\000r\000o\000u\000p\000\040\000M\000e\000m\000b\000e\000r\000s}{section.5}% 20
\BOOKMARK [3][-]{subsubsection.5.2.1}{\376\377\000W\000i\000r\000e\000s\000h\000a\000r\000k\000\040\000C\000a\000p\000t\000u\000r\000e}{subsection.5.2}% 21
\BOOKMARK [3][-]{subsubsection.5.2.2}{\376\377\000C\000L\000I\000\040\000V\000e\000r\000i\000f\000i\000c\000a\000t\000i\000o\000n}{subsection.5.2}% 22
\BOOKMARK [3][-]{subsubsection.5.2.3}{\376\377\000W\000h\000y\000\040\000A\000l\000l\000\040\000S\000P\000I\000s\000\040\000A\000r\000e\000\040\000I\000d\000e\000n\000t\000i\000c\000a\000l}{subsection.5.2}% 23
\BOOKMARK [2][-]{subsection.5.3}{\376\377\000T\000E\000K\000\040\000R\000e\000k\000e\000y\000\040\000O\000b\000s\000e\000r\000v\000a\000t\000i\000o\000n}{section.5}% 24
\BOOKMARK [1][-]{section.6}{\376\377\000G\000E\000T\000V\000P\000N\000\040\000E\000x\000t\000e\000n\000s\000i\000o\000n\000s}{}% 25
\BOOKMARK [1][-]{section.7}{\376\377\000C\000o\000n\000c\000l\000u\000s\000i\000o\000n}{}% 26
