This is pdfTeX, Version 3.141592653-2.6-1.40.22 (TeX Live 2022/dev/Debian) (preloaded format=pdflatex 2026.5.16)  7 JUN 2026 17:51
entering extended mode
 restricted \write18 enabled.
 file:line:error style messages enabled.
 %&-line parsing enabled.
**/home/joseataide/Uni/SAAR/project/GETVPN-Implementation-in-GNS3/Report/project-report.tex
(/home/joseataide/Uni/SAAR/project/GETVPN-Implementation-in-GNS3/Report/project-report.tex
LaTeX2e <2021-11-15> patch level 1
L3 programming layer <2022-01-21> (/usr/share/texlive/texmf-dist/tex/latex/base/article.cls
Document Class: article 2021/10/04 v1.4n Standard LaTeX document class
(/usr/share/texlive/texmf-dist/tex/latex/base/size12.clo
File: size12.clo 2021/10/04 v1.4n Standard LaTeX file (size option)
)
\c@part=\count185
\c@section=\count186
\c@subsection=\count187
\c@subsubsection=\count188
\c@paragraph=\count189
\c@subparagraph=\count190
\c@figure=\count191
\c@table=\count192
\abovecaptionskip=\skip47
\belowcaptionskip=\skip48
\bibindent=\dimen138
) (/usr/share/texlive/texmf-dist/tex/latex/base/inputenc.sty
Package: inputenc 2021/02/14 v1.3d Input encoding file
\inpenc@prehook=\toks16
\inpenc@posthook=\toks17
) (/usr/share/texlive/texmf-dist/tex/generic/babel/babel.sty
Package: babel 2022/01/26 3.70 The Babel package
\babel@savecnt=\count193
\U@D=\dimen139
\l@unhyphenated=\language3
 (/usr/share/texlive/texmf-dist/tex/generic/babel/txtbabel.def)
\bbl@readstream=\read2
\bbl@dirlevel=\count194
 (/usr/share/texlive/texmf-dist/tex/generic/babel-english/english.ldf
Language: english 2017/06/06 v3.3r English support from the babel system
Package babel Info: Hyphen rules for 'british' set to \l@english
(babel)             (\language0). Reported on input line 82.
Package babel Info: Hyphen rules for 'UKenglish' set to \l@english
(babel)             (\language0). Reported on input line 83.
Package babel Info: Hyphen rules for 'canadian' set to \l@english
(babel)             (\language0). Reported on input line 102.
Package babel Info: Hyphen rules for 'australian' set to \l@english
(babel)             (\language0). Reported on input line 105.
Package babel Info: Hyphen rules for 'newzealand' set to \l@english
(babel)             (\language0). Reported on input line 108.
)) (/usr/share/texlive/texmf-dist/tex/latex/listings/listings.sty (/usr/share/texlive/texmf-dist/tex/latex/graphics/keyval.sty
Package: keyval 2014/10/28 v1.15 key=value parser (DPC)
\KV@toks@=\toks18
)
\lst@mode=\count195
\lst@gtempboxa=\box50
\lst@token=\toks19
\lst@length=\count196
\lst@currlwidth=\dimen140
\lst@column=\count197
\lst@pos=\count198
\lst@lostspace=\dimen141
\lst@width=\dimen142
\lst@newlines=\count199
\lst@lineno=\count266
\lst@maxwidth=\dimen143
 (/usr/share/texlive/texmf-dist/tex/latex/listings/lstmisc.sty
File: lstmisc.sty 2020/03/24 1.8d (Carsten Heinz)
\c@lstnumber=\count267
\lst@skipnumbers=\count268
\lst@framebox=\box51
) (/usr/share/texlive/texmf-dist/tex/latex/listings/listings.cfg
File: listings.cfg 2020/03/24 1.8d listings configuration
))
Package: listings 2020/03/24 1.8d (Carsten Heinz)
 (/usr/share/texlive/texmf-dist/tex/latex/xcolor/xcolor.sty
Package: xcolor 2021/10/31 v2.13 LaTeX color extensions (UK)
 (/usr/share/texlive/texmf-dist/tex/latex/graphics-cfg/color.cfg
File: color.cfg 2016/01/02 v1.6 sample color configuration
)
Package xcolor Info: Driver file: pdftex.def on input line 227.
 (/usr/share/texlive/texmf-dist/tex/latex/graphics-def/pdftex.def
File: pdftex.def 2020/10/05 v1.2a Graphics/color driver for pdftex
)
Package xcolor Info: Model `cmy' substituted by `cmy0' on input line 1352.
Package xcolor Info: Model `hsb' substituted by `rgb' on input line 1356.
Package xcolor Info: Model `RGB' extended on input line 1368.
Package xcolor Info: Model `HTML' substituted by `rgb' on input line 1370.
Package xcolor Info: Model `Hsb' substituted by `hsb' on input line 1371.
Package xcolor Info: Model `tHsb' substituted by `hsb' on input line 1372.
Package xcolor Info: Model `HSB' substituted by `hsb' on input line 1373.
Package xcolor Info: Model `Gray' substituted by `gray' on input line 1374.
Package xcolor Info: Model `wave' substituted by `hsb' on input line 1375.
 (/usr/share/texlive/texmf-dist/tex/latex/graphics/dvipsnam.def
File: dvipsnam.def 2016/06/17 v3.0m Driver-dependent file (DPC,SPQR)
)) (/usr/share/texlive/texmf-dist/tex/latex/tcolorbox/tcolorbox.sty
Package: tcolorbox 2022/01/07 version 5.0.2 text color boxes
 (/usr/share/texlive/texmf-dist/tex/latex/pgf/basiclayer/pgf.sty (/usr/share/texlive/texmf-dist/tex/latex/pgf/utilities/pgfrcs.sty (/usr/share/texlive/texmf-dist/tex/generic/pgf/utilities/pgfutil-common.tex
\pgfutil@everybye=\toks20
\pgfutil@tempdima=\dimen144
\pgfutil@tempdimb=\dimen145
 (/usr/share/texlive/texmf-dist/tex/generic/pgf/utilities/pgfutil-common-lists.tex)) (/usr/share/texlive/texmf-dist/tex/generic/pgf/utilities/pgfutil-latex.def
\pgfutil@abb=\box52
) (/usr/share/texlive/texmf-dist/tex/generic/pgf/utilities/pgfrcs.code.tex (/usr/share/texlive/texmf-dist/tex/generic/pgf/pgf.revision.tex)
Package: pgfrcs 2021/05/15 v3.1.9a (3.1.9a)
))
Package: pgf 2021/05/15 v3.1.9a (3.1.9a)
 (/usr/share/texlive/texmf-dist/tex/latex/pgf/basiclayer/pgfcore.sty (/usr/share/texlive/texmf-dist/tex/latex/graphics/graphicx.sty
Package: graphicx 2021/09/16 v1.2d Enhanced LaTeX Graphics (DPC,SPQR)
 (/usr/share/texlive/texmf-dist/tex/latex/graphics/graphics.sty
Package: graphics 2021/03/04 v1.4d Standard LaTeX Graphics (DPC,SPQR)
 (/usr/share/texlive/texmf-dist/tex/latex/graphics/trig.sty
Package: trig 2021/08/11 v1.11 sin cos tan (DPC)
) (/usr/share/texlive/texmf-dist/tex/latex/graphics-cfg/graphics.cfg
File: graphics.cfg 2016/06/04 v1.11 sample graphics configuration
)
Package graphics Info: Driver file: pdftex.def on input line 107.
)
\Gin@req@height=\dimen146
\Gin@req@width=\dimen147
) (/usr/share/texlive/texmf-dist/tex/latex/pgf/systemlayer/pgfsys.sty (/usr/share/texlive/texmf-dist/tex/generic/pgf/systemlayer/pgfsys.code.tex
Package: pgfsys 2021/05/15 v3.1.9a (3.1.9a)
 (/usr/share/texlive/texmf-dist/tex/generic/pgf/utilities/pgfkeys.code.tex
\pgfkeys@pathtoks=\toks21
\pgfkeys@temptoks=\toks22
 (/usr/share/texlive/texmf-dist/tex/generic/pgf/utilities/pgfkeysfiltered.code.tex
\pgfkeys@tmptoks=\toks23
))
\pgf@x=\dimen148
\pgf@y=\dimen149
\pgf@xa=\dimen150
\pgf@ya=\dimen151
\pgf@xb=\dimen152
\pgf@yb=\dimen153
\pgf@xc=\dimen154
\pgf@yc=\dimen155
\pgf@xd=\dimen156
\pgf@yd=\dimen157
\w@pgf@writea=\write3
\r@pgf@reada=\read3
\c@pgf@counta=\count269
\c@pgf@countb=\count270
\c@pgf@countc=\count271
\c@pgf@countd=\count272
\t@pgf@toka=\toks24
\t@pgf@tokb=\toks25
\t@pgf@tokc=\toks26
\pgf@sys@id@count=\count273
 (/usr/share/texlive/texmf-dist/tex/generic/pgf/systemlayer/pgf.cfg
File: pgf.cfg 2021/05/15 v3.1.9a (3.1.9a)
)
Driver file for pgf: pgfsys-pdftex.def
 (/usr/share/texlive/texmf-dist/tex/generic/pgf/systemlayer/pgfsys-pdftex.def
File: pgfsys-pdftex.def 2021/05/15 v3.1.9a (3.1.9a)
 (/usr/share/texlive/texmf-dist/tex/generic/pgf/systemlayer/pgfsys-common-pdf.def
File: pgfsys-common-pdf.def 2021/05/15 v3.1.9a (3.1.9a)
))) (/usr/share/texlive/texmf-dist/tex/generic/pgf/systemlayer/pgfsyssoftpath.code.tex
File: pgfsyssoftpath.code.tex 2021/05/15 v3.1.9a (3.1.9a)
\pgfsyssoftpath@smallbuffer@items=\count274
\pgfsyssoftpath@bigbuffer@items=\count275
) (/usr/share/texlive/texmf-dist/tex/generic/pgf/systemlayer/pgfsysprotocol.code.tex
File: pgfsysprotocol.code.tex 2021/05/15 v3.1.9a (3.1.9a)
)) (/usr/share/texlive/texmf-dist/tex/generic/pgf/basiclayer/pgfcore.code.tex
Package: pgfcore 2021/05/15 v3.1.9a (3.1.9a)
 (/usr/share/texlive/texmf-dist/tex/generic/pgf/math/pgfmath.code.tex (/usr/share/texlive/texmf-dist/tex/generic/pgf/math/pgfmathcalc.code.tex (/usr/share/texlive/texmf-dist/tex/generic/pgf/math/pgfmathutil.code.tex) (/usr/share/texlive/texmf-dist/tex/generic/pgf/math/pgfmathparser.code.tex
\pgfmath@dimen=\dimen158
\pgfmath@count=\count276
\pgfmath@box=\box53
\pgfmath@toks=\toks27
\pgfmath@stack@operand=\toks28
\pgfmath@stack@operation=\toks29
) (/usr/share/texlive/texmf-dist/tex/generic/pgf/math/pgfmathfunctions.code.tex (/usr/share/texlive/texmf-dist/tex/generic/pgf/math/pgfmathfunctions.basic.code.tex) (/usr/share/texlive/texmf-dist/tex/generic/pgf/math/pgfmathfunctions.trigonometric.code.tex) (/usr/share/texlive/texmf-dist/tex/generic/pgf/math/pgfmathfunctions.random.code.tex) (/usr/share/texlive/texmf-dist/tex/generic/pgf/math/pgfmathfunctions.comparison.code.tex) (/usr/share/texlive/texmf-dist/tex/generic/pgf/math/pgfmathfunctions.base.code.tex) (/usr/share/texlive/texmf-dist/tex/generic/pgf/math/pgfmathfunctions.round.code.tex) (/usr/share/texlive/texmf-dist/tex/generic/pgf/math/pgfmathfunctions.misc.code.tex) (/usr/share/texlive/texmf-dist/tex/generic/pgf/math/pgfmathfunctions.integerarithmetics.code.tex))) (/usr/share/texlive/texmf-dist/tex/generic/pgf/math/pgfmathfloat.code.tex
\c@pgfmathroundto@lastzeros=\count277
)) (/usr/share/texlive/texmf-dist/tex/generic/pgf/math/pgfint.code.tex) (/usr/share/texlive/texmf-dist/tex/generic/pgf/basiclayer/pgfcorepoints.code.tex
File: pgfcorepoints.code.tex 2021/05/15 v3.1.9a (3.1.9a)
\pgf@picminx=\dimen159
\pgf@picmaxx=\dimen160
\pgf@picminy=\dimen161
\pgf@picmaxy=\dimen162
\pgf@pathminx=\dimen163
\pgf@pathmaxx=\dimen164
\pgf@pathminy=\dimen165
\pgf@pathmaxy=\dimen166
\pgf@xx=\dimen167
\pgf@xy=\dimen168
\pgf@yx=\dimen169
\pgf@yy=\dimen170
\pgf@zx=\dimen171
\pgf@zy=\dimen172
) (/usr/share/texlive/texmf-dist/tex/generic/pgf/basiclayer/pgfcorepathconstruct.code.tex
File: pgfcorepathconstruct.code.tex 2021/05/15 v3.1.9a (3.1.9a)
\pgf@path@lastx=\dimen173
\pgf@path@lasty=\dimen174
) (/usr/share/texlive/texmf-dist/tex/generic/pgf/basiclayer/pgfcorepathusage.code.tex
File: pgfcorepathusage.code.tex 2021/05/15 v3.1.9a (3.1.9a)
\pgf@shorten@end@additional=\dimen175
\pgf@shorten@start@additional=\dimen176
) (/usr/share/texlive/texmf-dist/tex/generic/pgf/basiclayer/pgfcorescopes.code.tex
File: pgfcorescopes.code.tex 2021/05/15 v3.1.9a (3.1.9a)
\pgfpic=\box54
\pgf@hbox=\box55
\pgf@layerbox@main=\box56
\pgf@picture@serial@count=\count278
) (/usr/share/texlive/texmf-dist/tex/generic/pgf/basiclayer/pgfcoregraphicstate.code.tex
File: pgfcoregraphicstate.code.tex 2021/05/15 v3.1.9a (3.1.9a)
\pgflinewidth=\dimen177
) (/usr/share/texlive/texmf-dist/tex/generic/pgf/basiclayer/pgfcoretransformations.code.tex
File: pgfcoretransformations.code.tex 2021/05/15 v3.1.9a (3.1.9a)
\pgf@pt@x=\dimen178
\pgf@pt@y=\dimen179
\pgf@pt@temp=\dimen180
) (/usr/share/texlive/texmf-dist/tex/generic/pgf/basiclayer/pgfcorequick.code.tex
File: pgfcorequick.code.tex 2021/05/15 v3.1.9a (3.1.9a)
) (/usr/share/texlive/texmf-dist/tex/generic/pgf/basiclayer/pgfcoreobjects.code.tex
File: pgfcoreobjects.code.tex 2021/05/15 v3.1.9a (3.1.9a)
) (/usr/share/texlive/texmf-dist/tex/generic/pgf/basiclayer/pgfcorepathprocessing.code.tex
File: pgfcorepathprocessing.code.tex 2021/05/15 v3.1.9a (3.1.9a)
) (/usr/share/texlive/texmf-dist/tex/generic/pgf/basiclayer/pgfcorearrows.code.tex
File: pgfcorearrows.code.tex 2021/05/15 v3.1.9a (3.1.9a)
\pgfarrowsep=\dimen181
) (/usr/share/texlive/texmf-dist/tex/generic/pgf/basiclayer/pgfcoreshade.code.tex
File: pgfcoreshade.code.tex 2021/05/15 v3.1.9a (3.1.9a)
\pgf@max=\dimen182
\pgf@sys@shading@range@num=\count279
\pgf@shadingcount=\count280
) (/usr/share/texlive/texmf-dist/tex/generic/pgf/basiclayer/pgfcoreimage.code.tex
File: pgfcoreimage.code.tex 2021/05/15 v3.1.9a (3.1.9a)
 (/usr/share/texlive/texmf-dist/tex/generic/pgf/basiclayer/pgfcoreexternal.code.tex
File: pgfcoreexternal.code.tex 2021/05/15 v3.1.9a (3.1.9a)
\pgfexternal@startupbox=\box57
)) (/usr/share/texlive/texmf-dist/tex/generic/pgf/basiclayer/pgfcorelayers.code.tex
File: pgfcorelayers.code.tex 2021/05/15 v3.1.9a (3.1.9a)
) (/usr/share/texlive/texmf-dist/tex/generic/pgf/basiclayer/pgfcoretransparency.code.tex
File: pgfcoretransparency.code.tex 2021/05/15 v3.1.9a (3.1.9a)
) (/usr/share/texlive/texmf-dist/tex/generic/pgf/basiclayer/pgfcorepatterns.code.tex
File: pgfcorepatterns.code.tex 2021/05/15 v3.1.9a (3.1.9a)
) (/usr/share/texlive/texmf-dist/tex/generic/pgf/basiclayer/pgfcorerdf.code.tex
File: pgfcorerdf.code.tex 2021/05/15 v3.1.9a (3.1.9a)
))) (/usr/share/texlive/texmf-dist/tex/generic/pgf/modules/pgfmoduleshapes.code.tex
File: pgfmoduleshapes.code.tex 2021/05/15 v3.1.9a (3.1.9a)
\pgfnodeparttextbox=\box58
) (/usr/share/texlive/texmf-dist/tex/generic/pgf/modules/pgfmoduleplot.code.tex
File: pgfmoduleplot.code.tex 2021/05/15 v3.1.9a (3.1.9a)
) (/usr/share/texlive/texmf-dist/tex/latex/pgf/compatibility/pgfcomp-version-0-65.sty
Package: pgfcomp-version-0-65 2021/05/15 v3.1.9a (3.1.9a)
\pgf@nodesepstart=\dimen183
\pgf@nodesepend=\dimen184
) (/usr/share/texlive/texmf-dist/tex/latex/pgf/compatibility/pgfcomp-version-1-18.sty
Package: pgfcomp-version-1-18 2021/05/15 v3.1.9a (3.1.9a)
)) (/usr/share/texlive/texmf-dist/tex/latex/tools/verbatim.sty
Package: verbatim 2020-07-07 v1.5u LaTeX2e package for verbatim enhancements
\every@verbatim=\toks30
\verbatim@line=\toks31
\verbatim@in@stream=\read4
) (/usr/share/texlive/texmf-dist/tex/latex/environ/environ.sty
Package: environ 2014/05/04 v0.3 A new way to define environments
 (/usr/share/texlive/texmf-dist/tex/latex/trimspaces/trimspaces.sty
Package: trimspaces 2009/09/17 v1.1 Trim spaces around a token list
)
\@envbody=\toks32
) (/usr/share/texlive/texmf-dist/tex/latex/etoolbox/etoolbox.sty
Package: etoolbox 2020/10/05 v2.5k e-TeX tools for LaTeX (JAW)
\etb@tempcnta=\count281
)
\tcb@titlebox=\box59
\tcb@upperbox=\box60
\tcb@lowerbox=\box61
\tcb@phantombox=\box62
\c@tcbbreakpart=\count282
\c@tcblayer=\count283
\c@tcolorbox@number=\count284
\tcb@temp=\box63
\tcb@temp=\box64
\tcb@temp=\box65
\tcb@temp=\box66
 (/usr/share/texlive/texmf-dist/tex/latex/tcolorbox/tcbraster.code.tex
Library (tcolorbox): 'tcbraster.code.tex' version '5.0.2'
\c@tcbrastercolumn=\count285
\c@tcbrasterrow=\count286
\c@tcbrasternum=\count287
\c@tcbraster=\count288
) (/usr/share/texlive/texmf-dist/tex/latex/tcolorbox/tcbskins.code.tex
Library (tcolorbox): 'tcbskins.code.tex' version '5.0.2'
(/usr/share/texlive/texmf-dist/tex/latex/pgf/frontendlayer/tikz.sty (/usr/share/texlive/texmf-dist/tex/latex/pgf/utilities/pgffor.sty (/usr/share/texlive/texmf-dist/tex/latex/pgf/utilities/pgfkeys.sty (/usr/share/texlive/texmf-dist/tex/generic/pgf/utilities/pgfkeys.code.tex)) (/usr/share/texlive/texmf-dist/tex/latex/pgf/math/pgfmath.sty (/usr/share/texlive/texmf-dist/tex/generic/pgf/math/pgfmath.code.tex)) (/usr/share/texlive/texmf-dist/tex/generic/pgf/utilities/pgffor.code.tex
Package: pgffor 2021/05/15 v3.1.9a (3.1.9a)
 (/usr/share/texlive/texmf-dist/tex/generic/pgf/math/pgfmath.code.tex)
\pgffor@iter=\dimen185
\pgffor@skip=\dimen186
\pgffor@stack=\toks33
\pgffor@toks=\toks34
)) (/usr/share/texlive/texmf-dist/tex/generic/pgf/frontendlayer/tikz/tikz.code.tex
Package: tikz 2021/05/15 v3.1.9a (3.1.9a)
 (/usr/share/texlive/texmf-dist/tex/generic/pgf/libraries/pgflibraryplothandlers.code.tex
File: pgflibraryplothandlers.code.tex 2021/05/15 v3.1.9a (3.1.9a)
\pgf@plot@mark@count=\count289
\pgfplotmarksize=\dimen187
)
\tikz@lastx=\dimen188
\tikz@lasty=\dimen189
\tikz@lastxsaved=\dimen190
\tikz@lastysaved=\dimen191
\tikz@lastmovetox=\dimen192
\tikz@lastmovetoy=\dimen193
\tikzleveldistance=\dimen194
\tikzsiblingdistance=\dimen195
\tikz@figbox=\box67
\tikz@figbox@bg=\box68
\tikz@tempbox=\box69
\tikz@tempbox@bg=\box70
\tikztreelevel=\count290
\tikznumberofchildren=\count291
\tikznumberofcurrentchild=\count292
\tikz@fig@count=\count293
 (/usr/share/texlive/texmf-dist/tex/generic/pgf/modules/pgfmodulematrix.code.tex
File: pgfmodulematrix.code.tex 2021/05/15 v3.1.9a (3.1.9a)
\pgfmatrixcurrentrow=\count294
\pgfmatrixcurrentcolumn=\count295
\pgf@matrix@numberofcolumns=\count296
)
\tikz@expandcount=\count297
 (/usr/share/texlive/texmf-dist/tex/generic/pgf/frontendlayer/tikz/libraries/tikzlibrarytopaths.code.tex
File: tikzlibrarytopaths.code.tex 2021/05/15 v3.1.9a (3.1.9a)
)))
\tcb@waterbox=\box71
 (/usr/share/texlive/texmf-dist/tex/latex/tcolorbox/tcbskinsjigsaw.code.tex
Library (tcolorbox): 'tcbskinsjigsaw.code.tex' version '5.0.2'
)) (/usr/share/texlive/texmf-dist/tex/latex/tcolorbox/tcbbreakable.code.tex
Library (tcolorbox): 'tcbbreakable.code.tex' version '5.0.2'
(/usr/share/texlive/texmf-dist/tex/generic/oberdiek/pdfcol.sty
Package: pdfcol 2019/12/29 v1.6 Handle new color stacks for pdfTeX (HO)
 (/usr/share/texlive/texmf-dist/tex/generic/ltxcmds/ltxcmds.sty
Package: ltxcmds 2020-05-10 v1.25 LaTeX kernel commands for general use (HO)
) (/usr/share/texlive/texmf-dist/tex/generic/infwarerr/infwarerr.sty
Package: infwarerr 2019/12/03 v1.5 Providing info/warning/error messages (HO)
) (/usr/share/texlive/texmf-dist/tex/generic/iftex/iftex.sty
Package: iftex 2020/03/06 v1.0d TeX engine tests
))
Package pdfcol Info: New color stack `tcb@breakable' = 1 on input line 23.
\tcb@testbox=\box72
\tcb@totalupperbox=\box73
\tcb@totallowerbox=\box74
) (/usr/share/texlive/texmf-dist/tex/latex/tcolorbox/tcbhooks.code.tex
Library (tcolorbox): 'tcbhooks.code.tex' version '5.0.2'
) (/usr/share/texlive/texmf-dist/tex/latex/tcolorbox/tcbtheorems.code.tex
Library (tcolorbox): 'tcbtheorems.code.tex' version '5.0.2'
(/usr/share/texlive/texmf-dist/tex/latex/amsmath/amsmath.sty
Package: amsmath 2021/10/15 v2.17l AMS math features
\@mathmargin=\skip49

For additional information on amsmath, use the `?' option.
(/usr/share/texlive/texmf-dist/tex/latex/amsmath/amstext.sty
Package: amstext 2021/08/26 v2.01 AMS text
 (/usr/share/texlive/texmf-dist/tex/latex/amsmath/amsgen.sty
File: amsgen.sty 1999/11/30 v2.0 generic functions
\@emptytoks=\toks35
\ex@=\dimen196
)) (/usr/share/texlive/texmf-dist/tex/latex/amsmath/amsbsy.sty
Package: amsbsy 1999/11/29 v1.2d Bold Symbols
\pmbraise@=\dimen197
) (/usr/share/texlive/texmf-dist/tex/latex/amsmath/amsopn.sty
Package: amsopn 2021/08/26 v2.02 operator names
)
\inf@bad=\count298
LaTeX Info: Redefining \frac on input line 234.
\uproot@=\count299
\leftroot@=\count300
LaTeX Info: Redefining \overline on input line 399.
\classnum@=\count301
\DOTSCASE@=\count302
LaTeX Info: Redefining \ldots on input line 496.
LaTeX Info: Redefining \dots on input line 499.
LaTeX Info: Redefining \cdots on input line 620.
\Mathstrutbox@=\box75
\strutbox@=\box76
\big@size=\dimen198
LaTeX Font Info:    Redeclaring font encoding OML on input line 743.
LaTeX Font Info:    Redeclaring font encoding OMS on input line 744.
\macc@depth=\count303
\c@MaxMatrixCols=\count304
\dotsspace@=\muskip16
\c@parentequation=\count305
\dspbrk@lvl=\count306
\tag@help=\toks36
\row@=\count307
\column@=\count308
\maxfields@=\count309
\andhelp@=\toks37
\eqnshift@=\dimen199
\alignsep@=\dimen256
\tagshift@=\dimen257
\tagwidth@=\dimen258
\totwidth@=\dimen259
\lineht@=\dimen260
\@envbody=\toks38
\multlinegap=\skip50
\multlinetaggap=\skip51
\mathdisplay@stack=\toks39
LaTeX Info: Redefining \[ on input line 2938.
LaTeX Info: Redefining \] on input line 2939.
)) (/usr/share/texlive/texmf-dist/tex/latex/tcolorbox/tcbfitting.code.tex
Library (tcolorbox): 'tcbfitting.code.tex' version '5.0.2'
\tcbfitdim=\dimen261
\tcb@lowerfitdim=\dimen262
\tcb@upperfitdim=\dimen263
\tcb@cur@hbadness=\count310
) (/usr/share/texlive/texmf-dist/tex/latex/tcolorbox/tcbxparse.code.tex
Library (tcolorbox): 'tcbxparse.code.tex' version '5.0.2'
(/usr/share/texlive/texmf-dist/tex/latex/l3packages/xparse/xparse.sty (/usr/share/texlive/texmf-dist/tex/latex/l3kernel/expl3.sty
Package: expl3 2022-01-21 L3 programming layer (loader) 
 (/usr/share/texlive/texmf-dist/tex/latex/l3backend/l3backend-pdftex.def
File: l3backend-pdftex.def 2022-01-12 L3 backend support: PDF output (pdfTeX)
\l__color_backend_stack_int=\count311
\l__pdf_internal_box=\box77
))
Package: xparse 2022-01-12 L3 Experimental document command parser
)) (/usr/share/texlive/texmf-dist/tex/latex/tcolorbox/tcblistingsutf8.code.tex
Library (tcolorbox): 'tcblistingsutf8.code.tex' version '5.0.2'
(/usr/share/texlive/texmf-dist/tex/latex/tcolorbox/tcblistings.code.tex
Library (tcolorbox): 'tcblistings.code.tex' version '5.0.2'
(/usr/share/texlive/texmf-dist/tex/latex/tcolorbox/tcblistingscore.code.tex
Library (tcolorbox): 'tcblistingscore.code.tex' version '5.0.2'
(/usr/share/texlive/texmf-dist/tex/latex/tcolorbox/tcbprocessing.code.tex
Library (tcolorbox): 'tcbprocessing.code.tex' version '5.0.2'
(/usr/share/texlive/texmf-dist/tex/generic/pdftexcmds/pdftexcmds.sty
Package: pdftexcmds 2020-06-27 v0.33 Utility functions of pdfTeX for LuaTeX (HO)
Package pdftexcmds Info: \pdf@primitive is available.
Package pdftexcmds Info: \pdf@ifprimitive is available.
Package pdftexcmds Info: \pdfdraftmode found.
) (/usr/share/texlive/texmf-dist/tex/latex/tools/shellesc.sty
Package: shellesc 2019/11/08 v1.0c unified shell escape interface for LaTeX
Package shellesc Info: Restricted shell escape enabled on input line 77.
))
\c@tcblisting=\count312
)) (/usr/share/texlive/texmf-dist/tex/latex/listingsutf8/listingsutf8.sty
Package: listingsutf8 2019-12-10 v1.5 Allow UTF-8 in listings input (HO)
 (/usr/share/texlive/texmf-dist/tex/generic/stringenc/stringenc.sty
Package: stringenc 2019/11/29 v1.12 Convert strings between diff. encodings (HO)
 (/usr/share/texlive/texmf-dist/tex/generic/pdfescape/pdfescape.sty
Package: pdfescape 2019/12/09 v1.15 Implements pdfTeX's escape features (HO)
)))) (/usr/share/texlive/texmf-dist/tex/latex/tcolorbox/tcbexternal.code.tex
Library (tcolorbox): 'tcbexternal.code.tex' version '5.0.2'
) (/usr/share/texlive/texmf-dist/tex/latex/tcolorbox/tcbmagazine.code.tex
Library (tcolorbox): 'tcbmagazine.code.tex' version '5.0.2'
) (/usr/share/texlive/texmf-dist/tex/latex/tcolorbox/tcbvignette.code.tex
Library (tcolorbox): 'tcbvignette.code.tex' version '5.0.2'
(/usr/share/texlive/texmf-dist/tex/generic/pgf/frontendlayer/tikz/libraries/tikzlibraryfadings.code.tex
File: tikzlibraryfadings.code.tex 2021/05/15 v3.1.9a (3.1.9a)
 (/usr/share/texlive/texmf-dist/tex/generic/pgf/libraries/pgflibraryfadings.code.tex
File: pgflibraryfadings.code.tex 2021/05/15 v3.1.9a (3.1.9a)
))) (/usr/share/texlive/texmf-dist/tex/latex/tcolorbox/tcbposter.code.tex
Library (tcolorbox): 'tcbposter.code.tex' version '5.0.2'
)) (/usr/share/texlive/texmf-dist/tex/latex/float/float.sty
Package: float 2001/11/08 v1.3d Float enhancements (AL)
\c@float@type=\count313
\float@exts=\toks40
\float@box=\box78
\@float@everytoks=\toks41
\@floatcapt=\box79
) (/usr/share/texlive/texmf-dist/tex/latex/adjustbox/adjustbox.sty
Package: adjustbox 2020/08/19 v1.3 Adjusting TeX boxes (trim, clip, ...)
 (/usr/share/texlive/texmf-dist/tex/latex/xkeyval/xkeyval.sty
Package: xkeyval 2020/11/20 v2.8 package option processing (HA)
 (/usr/share/texlive/texmf-dist/tex/generic/xkeyval/xkeyval.tex (/usr/share/texlive/texmf-dist/tex/generic/xkeyval/xkvutils.tex
\XKV@toks=\toks42
\XKV@tempa@toks=\toks43
)
\XKV@depth=\count314
File: xkeyval.tex 2014/12/03 v2.7a key=value parser (HA)
)) (/usr/share/texlive/texmf-dist/tex/latex/adjustbox/adjcalc.sty
Package: adjcalc 2012/05/16 v1.1 Provides advanced setlength with multiple back-ends (calc, etex, pgfmath)
) (/usr/share/texlive/texmf-dist/tex/latex/adjustbox/trimclip.sty
Package: trimclip 2020/08/19 v1.2 Trim and clip general TeX material
 (/usr/share/texlive/texmf-dist/tex/latex/collectbox/collectbox.sty
Package: collectbox 2012/05/17 v0.4b Collect macro arguments as boxes
\collectedbox=\box80
)
\tc@llx=\dimen264
\tc@lly=\dimen265
\tc@urx=\dimen266
\tc@ury=\dimen267
Package trimclip Info: Using driver 'tc-pdftex.def'.
 (/usr/share/texlive/texmf-dist/tex/latex/adjustbox/tc-pdftex.def
File: tc-pdftex.def 2019/01/04 v2.2 Clipping driver for pdftex
))
\adjbox@Width=\dimen268
\adjbox@Height=\dimen269
\adjbox@Depth=\dimen270
\adjbox@Totalheight=\dimen271
\adjbox@pwidth=\dimen272
\adjbox@pheight=\dimen273
\adjbox@pdepth=\dimen274
\adjbox@ptotalheight=\dimen275
 (/usr/share/texlive/texmf-dist/tex/latex/ifoddpage/ifoddpage.sty
Package: ifoddpage 2016/04/23 v1.1 Conditionals for odd/even page detection
\c@checkoddpage=\count315
) (/usr/share/texlive/texmf-dist/tex/latex/varwidth/varwidth.sty
Package: varwidth 2009/03/30 ver 0.92;  Variable-width minipages
\@vwid@box=\box81
\sift@deathcycles=\count316
\@vwid@loff=\dimen276
\@vwid@roff=\dimen277
)) (/usr/share/texlive/texmf-dist/tex/latex/amsfonts/amssymb.sty
Package: amssymb 2013/01/14 v3.01 AMS font symbols
 (/usr/share/texlive/texmf-dist/tex/latex/amsfonts/amsfonts.sty
Package: amsfonts 2013/01/14 v3.01 Basic AMSFonts support
\symAMSa=\mathgroup4
\symAMSb=\mathgroup5
LaTeX Font Info:    Redeclaring math symbol \hbar on input line 98.
LaTeX Font Info:    Overwriting math alphabet `\mathfrak' in version `bold'
(Font)                  U/euf/m/n --> U/euf/b/n on input line 106.
)) (/usr/share/texlive/texmf-dist/tex/latex/anysize/anysize.sty
Package: anysize 1994/08/13 setting margin sizes

document style option `anysize' loaded
Michael Salzenberg, Thomas Esser, Dirk Hillbrecht
Version 1.0, Aug 13, 1994
\@Leftmargin=\dimen278
\@Rightmargin=\dimen279
\@Topmargin=\dimen280
\@Bottommargin=\dimen281
) (/usr/share/texlive/texmf-dist/tex/latex/appendix/appendix.sty
Package: appendix 2020/02/08 v1.2c extra appendix facilities
\c@@pps=\count317
\c@@ppsavesec=\count318
\c@@ppsaveapp=\count319
) (/usr/share/texlive/texmf-dist/tex/latex/cancel/cancel.sty
Package: cancel 2013/04/12 v2.2 Cancel math terms
) (/usr/share/texlive/texmf-dist/tex/latex/caption/caption.sty
Package: caption 2020/10/26 v3.5g Customizing captions (AR)
 (/usr/share/texlive/texmf-dist/tex/latex/caption/caption3.sty
Package: caption3 2020/10/21 v2.2e caption3 kernel (AR)
\captionmargin=\dimen282
\captionmargin@=\dimen283
\captionwidth=\dimen284
\caption@tempdima=\dimen285
\caption@indent=\dimen286
\caption@parindent=\dimen287
\caption@hangindent=\dimen288
Package caption Info: Standard document class detected.
)
\c@caption@flags=\count320
\c@continuedfloat=\count321
Package caption Info: float package is loaded.
Package caption Info: listings package is loaded.
) (/usr/share/texlive/texmf-dist/tex/latex/cite/cite.sty
LaTeX Info: Redefining \cite on input line 302.
LaTeX Info: Redefining \nocite on input line 332.
Package: cite 2015/02/27  v 5.5
) (/usr/share/texlive/texmf-dist/tex/latex/fancyhdr/fancyhdr.sty
Package: fancyhdr 2021/01/28 v4.0.1 Extensive control of page headers and footers
\f@nch@headwidth=\skip52
\f@nch@O@elh=\skip53
\f@nch@O@erh=\skip54
\f@nch@O@olh=\skip55
\f@nch@O@orh=\skip56
\f@nch@O@elf=\skip57
\f@nch@O@erf=\skip58
\f@nch@O@olf=\skip59
\f@nch@O@orf=\skip60
) (/usr/share/texlive/texmf-dist/tex/latex/hyperref/hyperref.sty
Package: hyperref 2021-06-07 v7.00m Hypertext links for LaTeX
 (/usr/share/texlive/texmf-dist/tex/generic/kvsetkeys/kvsetkeys.sty
Package: kvsetkeys 2019/12/15 v1.18 Key value parser (HO)
) (/usr/share/texlive/texmf-dist/tex/generic/kvdefinekeys/kvdefinekeys.sty
Package: kvdefinekeys 2019-12-19 v1.6 Define keys (HO)
) (/usr/share/texlive/texmf-dist/tex/latex/hycolor/hycolor.sty
Package: hycolor 2020-01-27 v1.10 Color options for hyperref/bookmark (HO)
) (/usr/share/texlive/texmf-dist/tex/latex/letltxmacro/letltxmacro.sty
Package: letltxmacro 2019/12/03 v1.6 Let assignment for LaTeX macros (HO)
) (/usr/share/texlive/texmf-dist/tex/latex/auxhook/auxhook.sty
Package: auxhook 2019-12-17 v1.6 Hooks for auxiliary files (HO)
) (/usr/share/texlive/texmf-dist/tex/latex/kvoptions/kvoptions.sty
Package: kvoptions 2020-10-07 v3.14 Key value format for package options (HO)
)
\@linkdim=\dimen289
\Hy@linkcounter=\count322
\Hy@pagecounter=\count323
 (/usr/share/texlive/texmf-dist/tex/latex/hyperref/pd1enc.def
File: pd1enc.def 2021-06-07 v7.00m Hyperref: PDFDocEncoding definition (HO)
Now handling font encoding PD1 ...
... no UTF-8 mapping file for font encoding PD1
) (/usr/share/texlive/texmf-dist/tex/latex/hyperref/hyperref-langpatches.def
File: hyperref-langpatches.def 2021-06-07 v7.00m Hyperref: patches for babel languages
) (/usr/share/texlive/texmf-dist/tex/generic/intcalc/intcalc.sty
Package: intcalc 2019/12/15 v1.3 Expandable calculations with integers (HO)
) (/usr/share/texlive/texmf-dist/tex/generic/etexcmds/etexcmds.sty
Package: etexcmds 2019/12/15 v1.7 Avoid name clashes with e-TeX commands (HO)
)
\Hy@SavedSpaceFactor=\count324
 (/usr/share/texlive/texmf-dist/tex/latex/hyperref/puenc.def
File: puenc.def 2021-06-07 v7.00m Hyperref: PDF Unicode definition (HO)
Now handling font encoding PU ...
... no UTF-8 mapping file for font encoding PU
)
Package hyperref Info: Option `colorlinks' set `true' on input line 4073.
Package hyperref Info: Option `plainpages' set `true' on input line 4073.
Package hyperref Info: Hyper figures OFF on input line 4192.
Package hyperref Info: Link nesting OFF on input line 4197.
Package hyperref Info: Hyper index ON on input line 4200.
Package hyperref Info: Plain pages ON on input line 4205.
Package hyperref Info: Backreferencing OFF on input line 4212.
Package hyperref Info: Implicit mode ON; LaTeX internals redefined.
Package hyperref Info: Bookmarks ON on input line 4445.
\c@Hy@tempcnt=\count325
 (/usr/share/texlive/texmf-dist/tex/latex/url/url.sty
\Urlmuskip=\muskip17
Package: url 2013/09/16  ver 3.4  Verb mode for urls, etc.
)
LaTeX Info: Redefining \url on input line 4804.
\XeTeXLinkMargin=\dimen290
 (/usr/share/texlive/texmf-dist/tex/generic/bitset/bitset.sty
Package: bitset 2019/12/09 v1.3 Handle bit-vector datatype (HO)
 (/usr/share/texlive/texmf-dist/tex/generic/bigintcalc/bigintcalc.sty
Package: bigintcalc 2019/12/15 v1.5 Expandable calculations on big integers (HO)
))
\Fld@menulength=\count326
\Field@Width=\dimen291
\Fld@charsize=\dimen292
Package hyperref Info: Hyper figures OFF on input line 6076.
Package hyperref Info: Link nesting OFF on input line 6081.
Package hyperref Info: Hyper index ON on input line 6084.
Package hyperref Info: backreferencing OFF on input line 6091.
Package hyperref Info: Link coloring ON on input line 6094.
Package hyperref Info: Link coloring with OCG OFF on input line 6101.
Package hyperref Info: PDF/A mode OFF on input line 6106.
LaTeX Info: Redefining \ref on input line 6146.
LaTeX Info: Redefining \pageref on input line 6150.
 (/usr/share/texlive/texmf-dist/tex/latex/base/atbegshi-ltx.sty
Package: atbegshi-ltx 2021/01/10 v1.0c Emulation of the original atbegshi
package with kernel methods
)
\Hy@abspage=\count327
\c@Item=\count328
\c@Hfootnote=\count329
)
Package hyperref Info: Driver (autodetected): hpdftex.
 (/usr/share/texlive/texmf-dist/tex/latex/hyperref/hpdftex.def
File: hpdftex.def 2021-06-07 v7.00m Hyperref driver for pdfTeX
 (/usr/share/texlive/texmf-dist/tex/latex/base/atveryend-ltx.sty
Package: atveryend-ltx 2020/08/19 v1.0a Emulation of the original atveryend package
with kernel methods
)
\Fld@listcount=\count330
\c@bookmark@seq@number=\count331
 (/usr/share/texlive/texmf-dist/tex/latex/rerunfilecheck/rerunfilecheck.sty
Package: rerunfilecheck 2019/12/05 v1.9 Rerun checks for auxiliary files (HO)
 (/usr/share/texlive/texmf-dist/tex/generic/uniquecounter/uniquecounter.sty
Package: uniquecounter 2019/12/15 v1.4 Provide unlimited unique counter (HO)
)
Package uniquecounter Info: New unique counter `rerunfilecheck' on input line 286.
)
\Hy@SectionHShift=\skip61
) (/usr/share/texlive/texmf-dist/tex/latex/tools/indentfirst.sty
Package: indentfirst 1995/11/23 v1.03 Indent first paragraph (DPC)
) (/usr/share/texlive/texmf-dist/tex/generic/nth/nth.sty
Package: nth 2002/02/27
) (/usr/share/texlive/texmf-dist/tex/latex/siunitx/siunitx.sty
Package: siunitx 2022-02-02 v3.0.46 A comprehensive (SI) units package
\l__siunitx_angle_tmp_dim=\dimen293
\l__siunitx_angle_marker_box=\box82
\l__siunitx_angle_unit_box=\box83
\l__siunitx_compound_count_int=\count332
 (/usr/share/texlive/texmf-dist/tex/latex/translations/translations.sty
Package: translations 2022/01/04 v1.11 internationalization of LaTeX2e packages (CN)
)
\l__siunitx_number_exponent_fixed_int=\count333
\l__siunitx_number_min_decimal_int=\count334
\l__siunitx_number_min_integer_int=\count335
\l__siunitx_number_round_precision_int=\count336
\l__siunitx_number_group_minimum_int=\count337
\l__siunitx_table_tmp_box=\box84
\l__siunitx_table_tmp_dim=\dimen294
\l__siunitx_table_column_width_dim=\dimen295
\l__siunitx_table_integer_box=\box85
\l__siunitx_table_decimal_box=\box86
\l__siunitx_table_before_box=\box87
\l__siunitx_table_after_box=\box88
\l__siunitx_table_before_dim=\dimen296
\l__siunitx_table_carry_dim=\dimen297
\l__siunitx_unit_tmp_int=\count338
\l__siunitx_unit_position_int=\count339
\l__siunitx_unit_total_int=\count340
 (/usr/share/texlive/texmf-dist/tex/latex/l3packages/l3keys2e/l3keys2e.sty
Package: l3keys2e 2022-01-12 LaTeX2e option processing using LaTeX3 keys
) (/usr/share/texlive/texmf-dist/tex/latex/tools/array.sty
Package: array 2021/10/04 v2.5f Tabular extension package (FMi)
\col@sep=\dimen298
\ar@mcellbox=\box89
\extrarowheight=\dimen299
\NC@list=\toks44
\extratabsurround=\skip62
\backup@length=\skip63
\ar@cellbox=\box90
)) (/usr/share/texlive/texmf-dist/tex/latex/caption/subcaption.sty
Package: subcaption 2020/10/07 v1.3j Sub-captions (AR)
\c@subfigure=\count341
\c@subtable=\count342
) (/usr/share/texlive/texmf-dist/tex/latex/titlesec/titlesec.sty
Package: titlesec 2021/07/05 v2.14 Sectioning titles
\ttl@box=\box91
\beforetitleunit=\skip64
\aftertitleunit=\skip65
\ttl@plus=\dimen300
\ttl@minus=\dimen301
\ttl@toksa=\toks45
\titlewidth=\dimen302
\titlewidthlast=\dimen303
\titlewidthfirst=\dimen304
) (./project-report.aux)
\openout1 = `project-report.aux'.

LaTeX Font Info:    Checking defaults for OML/cmm/m/it on input line 103.
LaTeX Font Info:    ... okay on input line 103.
LaTeX Font Info:    Checking defaults for OMS/cmsy/m/n on input line 103.
LaTeX Font Info:    ... okay on input line 103.
LaTeX Font Info:    Checking defaults for OT1/cmr/m/n on input line 103.
LaTeX Font Info:    ... okay on input line 103.
LaTeX Font Info:    Checking defaults for T1/cmr/m/n on input line 103.
LaTeX Font Info:    ... okay on input line 103.
LaTeX Font Info:    Checking defaults for TS1/cmr/m/n on input line 103.
LaTeX Font Info:    ... okay on input line 103.
LaTeX Font Info:    Checking defaults for OMX/cmex/m/n on input line 103.
LaTeX Font Info:    ... okay on input line 103.
LaTeX Font Info:    Checking defaults for U/cmr/m/n on input line 103.
LaTeX Font Info:    ... okay on input line 103.
LaTeX Font Info:    Checking defaults for PD1/pdf/m/n on input line 103.
LaTeX Font Info:    ... okay on input line 103.
LaTeX Font Info:    Checking defaults for PU/pdf/m/n on input line 103.
LaTeX Font Info:    ... okay on input line 103.
\c@lstlisting=\count343
 (/usr/share/texlive/texmf-dist/tex/context/base/mkii/supp-pdf.mkii
[Loading MPS to PDF converter (version 2006.09.02).]
\scratchcounter=\count344
\scratchdimen=\dimen305
\scratchbox=\box92
\nofMPsegments=\count345
\nofMParguments=\count346
\everyMPshowfont=\toks46
\MPscratchCnt=\count347
\MPscratchDim=\dimen306
\MPnumerator=\count348
\makeMPintoPDFobject=\count349
\everyMPtoPDFconversion=\toks47
) (/usr/share/texlive/texmf-dist/tex/latex/epstopdf-pkg/epstopdf-base.sty
Package: epstopdf-base 2020-01-24 v2.11 Base part for package epstopdf
Package epstopdf-base Info: Redefining graphics rule for `.eps' on input line 485.
 (/usr/share/texlive/texmf-dist/tex/latex/latexconfig/epstopdf-sys.cfg
File: epstopdf-sys.cfg 2010/07/13 v1.3 Configuration of (r)epstopdf for TeX Live
))
Package caption Info: Begin \AtBeginDocument code.
Package caption Info: hyperref package is loaded.
Package caption Info: End \AtBeginDocument code.
Package hyperref Info: Link coloring ON on input line 103.
 (/usr/share/texlive/texmf-dist/tex/latex/hyperref/nameref.sty
Package: nameref 2021-04-02 v2.47 Cross-referencing by name of section
 (/usr/share/texlive/texmf-dist/tex/latex/refcount/refcount.sty
Package: refcount 2019/12/15 v3.6 Data extraction from label references (HO)
) (/usr/share/texlive/texmf-dist/tex/generic/gettitlestring/gettitlestring.sty
Package: gettitlestring 2019/12/15 v1.6 Cleanup title references (HO)
)
\c@section@level=\count350
)
LaTeX Info: Redefining \ref on input line 103.
LaTeX Info: Redefining \pageref on input line 103.
LaTeX Info: Redefining \nameref on input line 103.
 (./project-report.out) (./project-report.out)
\@outlinefile=\write4
\openout4 = `project-report.out'.

 (/usr/share/texlive/texmf-dist/tex/latex/translations/translations-basic-dictionary-english.trsl
File: translations-basic-dictionary-english.trsl (english translation file `translations-basic-dictionary')
)
Package translations Info: loading dictionary `translations-basic-dictionary' for `english'. on input line 103.
<../Images/IST_A.png, id=220, 709.6914pt x 394.1124pt>
File: ../Images/IST_A.png Graphic file (type png)
<use ../Images/IST_A.png>
Package pdftex.def Info: ../Images/IST_A.png  used on input line 111.
(pdftex.def)             Requested size: 177.42241pt x 98.52785pt.
LaTeX Font Info:    Font shape `OT1/cmtt/bx/n' in size <14.4> not available
(Font)              Font shape `OT1/cmtt/m/n' tried instead on input line 117.
LaTeX Font Info:    Trying to load font information for U+msa on input line 130.
 (/usr/share/texlive/texmf-dist/tex/latex/amsfonts/umsa.fd
File: umsa.fd 2013/01/14 v3.01 AMS symbols A
)
LaTeX Font Info:    Trying to load font information for U+msb on input line 130.
 (/usr/share/texlive/texmf-dist/tex/latex/amsfonts/umsb.fd
File: umsb.fd 2013/01/14 v3.01 AMS symbols B
) [0

{/var/lib/texmf/fonts/map/pdftex/updmap/pdftex.map} <../Images/IST_A.png>] (./project-report.toc [1])
\tf@toc=\write5
\openout5 = `project-report.toc'.

 [2]
<../Images/Project Topology.png, id=289, 560.0925pt x 506.89375pt>
File: ../Images/Project Topology.png Graphic file (type png)
<use ../Images/Project Topology.png>
Package pdftex.def Info: ../Images/Project Topology.png  used on input line 176.
(pdftex.def)             Requested size: 362.77264pt x 328.33232pt.
 [3] [4 <../Images/Project Topology.png>]
\tcb@out=\write6
\openout6 = `project-report.listing'.

 (./project-report.listing)
\openout6 = `project-report.listing'.

 (./project-report.listing)
\openout6 = `project-report.listing'.

 (./project-report.listing)
\openout6 = `project-report.listing'.

 (./project-report.listing) [5]
\openout6 = `project-report.listing'.

 (./project-report.listing)
\openout6 = `project-report.listing'.

 (./project-report.listing) [6]
<../Images/sh crypto gdoi ks.png, id=343, 556.0775pt x 651.43375pt>
File: ../Images/sh crypto gdoi ks.png Graphic file (type png)
<use ../Images/sh crypto gdoi ks.png>
Package pdftex.def Info: ../Images/sh crypto gdoi ks.png  used on input line 298.
(pdftex.def)             Requested size: 314.40001pt x 368.31918pt.
 [7]
<../Images/sh member ks p1.png, id=370, 660.4675pt x 699.61375pt>
File: ../Images/sh member ks p1.png Graphic file (type png)
<use ../Images/sh member ks p1.png>
Package pdftex.def Info: ../Images/sh member ks p1.png  used on input line 307.
(pdftex.def)             Requested size: 314.40001pt x 333.0459pt.
<../Images/sh members ks p2.png, id=371, 660.4675pt x 336.25626pt>
File: ../Images/sh members ks p2.png Graphic file (type png)
<use ../Images/sh members ks p2.png>
Package pdftex.def Info: ../Images/sh members ks p2.png  used on input line 312.
(pdftex.def)             Requested size: 314.40001pt x 160.07227pt.
 [8 <../Images/sh crypto gdoi ks.png>] [9 <../Images/sh member ks p1.png> <../Images/sh members ks p2.png>]
Overfull \hbox (13.23251pt too wide) in paragraph at lines 329--330
[]\OT1/cmr/bx/n/12 TEK pol-icy\OT1/cmr/m/n/12 : The Traf-fic En-cryp-tion Key pol-icy shows \OT1/cmtt/m/n/12 transform:esp-aes esp-sha-hmac
 []

<../Images/sh crypto gdoi gm p1.png, id=386, 660.4675pt x 678.535pt>
File: ../Images/sh crypto gdoi gm p1.png Graphic file (type png)
<use ../Images/sh crypto gdoi gm p1.png>
Package pdftex.def Info: ../Images/sh crypto gdoi gm p1.png  used on input line 346.
(pdftex.def)             Requested size: 314.40001pt x 323.01152pt.
<../Images/sh crypto gdoi gm p2.png, id=387, 660.4675pt x 538.01pt>
File: ../Images/sh crypto gdoi gm p2.png Graphic file (type png)
<use ../Images/sh crypto gdoi gm p2.png>
Package pdftex.def Info: ../Images/sh crypto gdoi gm p2.png  used on input line 351.
(pdftex.def)             Requested size: 314.40001pt x 256.11563pt.
[10] [11 <../Images/sh crypto gdoi gm p1.png> <../Images/sh crypto gdoi gm p2.png>]
<../Images/udp port 848 filter (raw).png, id=404, 1032.85875pt x 612.2875pt>
File: ../Images/udp port 848 filter (raw).png Graphic file (type png)
<use ../Images/udp port 848 filter (raw).png>
Package pdftex.def Info: ../Images/udp port 848 filter (raw).png  used on input line 382.
(pdftex.def)             Requested size: 411.14528pt x 243.72414pt.
<../Images/udp port 848 filter.png, id=405, 1032.85875pt x 612.2875pt>
File: ../Images/udp port 848 filter.png Graphic file (type png)
<use ../Images/udp port 848 filter.png>
Package pdftex.def Info: ../Images/udp port 848 filter.png  used on input line 390.
(pdftex.def)             Requested size: 411.14528pt x 243.72414pt.
 [12 <../Images/udp port 848 filter (raw).png>]
<../Images/iskamp packet content IKE phase1 .png, id=414, 1017.8025pt x 594.22pt>
File: ../Images/iskamp packet content IKE phase1 .png Graphic file (type png)
<use ../Images/iskamp packet content IKE phase1 .png>
Package pdftex.def Info: ../Images/iskamp packet content IKE phase1 .png  used on input line 419.
(pdftex.def)             Requested size: 411.14528pt x 240.04121pt.
 [13 <../Images/udp port 848 filter.png>]
<../Images/GROUPKEY Pull p1.png, id=424, 1305.87875pt x 1058.95625pt>
File: ../Images/GROUPKEY Pull p1.png Graphic file (type png)
<use ../Images/GROUPKEY Pull p1.png>
Package pdftex.def Info: ../Images/GROUPKEY Pull p1.png  used on input line 450.
(pdftex.def)             Requested size: 459.51054pt x 372.61156pt.
<../Images/GROUPKEY Pull p2.png, id=425, 954.56625pt x 388.45125pt>
File: ../Images/GROUPKEY Pull p2.png Graphic file (type png)
<use ../Images/GROUPKEY Pull p2.png>
Package pdftex.def Info: ../Images/GROUPKEY Pull p2.png  used on input line 455.
(pdftex.def)             Requested size: 459.51054pt x 186.98793pt.
 [14 <../Images/iskamp packet content IKE phase1 .png>] [15 <../Images/GROUPKEY Pull p1.png> <../Images/GROUPKEY Pull p2.png>]
<../Images/GM R2 iskamp.png, id=441, 1131.22626pt x 277.035pt>
File: ../Images/GM R2 iskamp.png Graphic file (type png)
<use ../Images/GM R2 iskamp.png>
Package pdftex.def Info: ../Images/GM R2 iskamp.png  used on input line 474.
(pdftex.def)             Requested size: 411.14528pt x 100.68787pt.
<../Images/GM R3 iskamp.png, id=442, 1032.85875pt x 309.155pt>
File: ../Images/GM R3 iskamp.png Graphic file (type png)
<use ../Images/GM R3 iskamp.png>
Package pdftex.def Info: ../Images/GM R3 iskamp.png  used on input line 481.
(pdftex.def)             Requested size: 411.14528pt x 123.0607pt.
<../Images/GM R4 iskamp.png, id=443, 1032.85875pt x 309.155pt>
File: ../Images/GM R4 iskamp.png Graphic file (type png)
<use ../Images/GM R4 iskamp.png>
Package pdftex.def Info: ../Images/GM R4 iskamp.png  used on input line 488.
(pdftex.def)             Requested size: 411.14528pt x 123.0607pt.
 [16 <../Images/GM R2 iskamp.png> <../Images/GM R3 iskamp.png> <../Images/GM R4 iskamp.png>]
<../Images/ping esp pc2.png, id=456, 1131.22626pt x 506.89375pt>
File: ../Images/ping esp pc2.png Graphic file (type png)
<use ../Images/ping esp pc2.png>
Package pdftex.def Info: ../Images/ping esp pc2.png  used on input line 514.
(pdftex.def)             Requested size: 411.14528pt x 184.22961pt.
<../Images/ping esp pc3.png, id=457, 1131.22626pt x 506.89375pt>
File: ../Images/ping esp pc3.png Graphic file (type png)
<use ../Images/ping esp pc3.png>
Package pdftex.def Info: ../Images/ping esp pc3.png  used on input line 521.
(pdftex.def)             Requested size: 411.14528pt x 184.22961pt.
<../Images/sh crypto ipsec sa R2.png, id=458, 467.7475pt x 90.3375pt>
File: ../Images/sh crypto ipsec sa R2.png Graphic file (type png)
<use ../Images/sh crypto ipsec sa R2.png>
Package pdftex.def Info: ../Images/sh crypto ipsec sa R2.png  used on input line 536.
(pdftex.def)             Requested size: 338.58632pt x 65.39581pt.
<../Images/sh crypto ipsec sa R3.png, id=459, 467.7475pt x 90.3375pt>
File: ../Images/sh crypto ipsec sa R3.png Graphic file (type png)
<use ../Images/sh crypto ipsec sa R3.png>
Package pdftex.def Info: ../Images/sh crypto ipsec sa R3.png  used on input line 541.
(pdftex.def)             Requested size: 338.58632pt x 65.39581pt.
<../Images/sh crypto ipsec sa R4.png, id=460, 467.7475pt x 90.3375pt>
File: ../Images/sh crypto ipsec sa R4.png Graphic file (type png)
<use ../Images/sh crypto ipsec sa R4.png>
Package pdftex.def Info: ../Images/sh crypto ipsec sa R4.png  used on input line 546.
(pdftex.def)             Requested size: 338.58632pt x 65.39581pt.
 [17 <../Images/ping esp pc2.png> <../Images/ping esp pc3.png>]
<../Images/ks policy.png, id=472, 795.97375pt x 523.9575pt>
File: ../Images/ks policy.png Graphic file (type png)
<use ../Images/ks policy.png>
Package pdftex.def Info: ../Images/ks policy.png  used on input line 563.
(pdftex.def)             Requested size: 411.14528pt x 270.63663pt.
 [18 <../Images/sh crypto ipsec sa R2.png> <../Images/sh crypto ipsec sa R3.png> <../Images/sh crypto ipsec sa R4.png>]
\openout6 = `project-report.listing'.

 (./project-report.listing) [19 <../Images/ks policy.png>]
<../Images/crypto gdoi ks rekey.png, id=489, 1371.1225pt x 82.3075pt>
File: ../Images/crypto gdoi ks rekey.png Graphic file (type png)
<use ../Images/crypto gdoi ks rekey.png>
Package pdftex.def Info: ../Images/crypto gdoi ks rekey.png  used on input line 608.
(pdftex.def)             Requested size: 507.88318pt x 30.4872pt.

Overfull \hbox (24.18631pt too wide) in paragraph at lines 608--609
 [][] 
 []

<../Images/time to rekey proof.png, id=491, 446.66875pt x 155.58125pt>
File: ../Images/time to rekey proof.png Graphic file (type png)
<use ../Images/time to rekey proof.png>
Package pdftex.def Info: ../Images/time to rekey proof.png  used on input line 620.
(pdftex.def)             Requested size: 266.03474pt x 92.66576pt.
<../Images/rekey wireshark.png, id=493, 922.44624pt x 569.12625pt>
File: ../Images/rekey wireshark.png Graphic file (type png)
<use ../Images/rekey wireshark.png>
Package pdftex.def Info: ../Images/rekey wireshark.png  used on input line 636.
(pdftex.def)             Requested size: 411.14528pt x 253.6642pt.
[20 <../Images/crypto gdoi ks rekey.png> <../Images/time to rekey proof.png>]
<../Images/sh crypto ipsec sa R2 after rekey.png, id=507, 1371.1225pt x 216.81pt>
File: ../Images/sh crypto ipsec sa R2 after rekey.png Graphic file (type png)
<use ../Images/sh crypto ipsec sa R2 after rekey.png>
Package pdftex.def Info: ../Images/sh crypto ipsec sa R2 after rekey.png  used on input line 670.
(pdftex.def)             Requested size: 338.58632pt x 53.5374pt.
<../Images/sh crypto ipsec sa R3 after rekey.png, id=508, 1371.1225pt x 216.81pt>
File: ../Images/sh crypto ipsec sa R3 after rekey.png Graphic file (type png)
<use ../Images/sh crypto ipsec sa R3 after rekey.png>
Package pdftex.def Info: ../Images/sh crypto ipsec sa R3 after rekey.png  used on input line 675.
(pdftex.def)             Requested size: 338.58632pt x 53.5374pt.
<../Images/sh crypto ipsec sa R4 after rekey.png, id=509, 1371.1225pt x 216.81pt>
File: ../Images/sh crypto ipsec sa R4 after rekey.png Graphic file (type png)
<use ../Images/sh crypto ipsec sa R4 after rekey.png>
Package pdftex.def Info: ../Images/sh crypto ipsec sa R4 after rekey.png  used on input line 680.
(pdftex.def)             Requested size: 338.58632pt x 53.5374pt.
 [21 <../Images/rekey wireshark.png>]
<../Images/topology COOP.png, id=516, 574.145pt x 497.86pt>
File: ../Images/topology COOP.png Graphic file (type png)
<use ../Images/topology COOP.png>
Package pdftex.def Info: ../Images/topology COOP.png  used on input line 722.
(pdftex.def)             Requested size: 362.77264pt x 314.58026pt.
 [22 <../Images/sh crypto ipsec sa R2 after rekey.png> <../Images/sh crypto ipsec sa R3 after rekey.png> <../Images/sh crypto ipsec sa R4 after rekey.png>]
\openout6 = `project-report.listing'.

 (./project-report.listing)
\openout6 = `project-report.listing'.

 (./project-report.listing) [23 <../Images/topology COOP.png>]
<../Images/sh crypto gdoi ks coop R1.png, id=547, 662.475pt x 639.38875pt>
File: ../Images/sh crypto gdoi ks coop R1.png Graphic file (type png)
<use ../Images/sh crypto gdoi ks coop R1.png>
Package pdftex.def Info: ../Images/sh crypto gdoi ks coop R1.png  used on input line 772.
(pdftex.def)             Requested size: 362.77264pt x 350.1234pt.
<../Images/sh crypto gdoi ks coop R5.png, id=548, 662.475pt x 668.4975pt>
File: ../Images/sh crypto gdoi ks coop R5.png Graphic file (type png)
<use ../Images/sh crypto gdoi ks coop R5.png>
Package pdftex.def Info: ../Images/sh crypto gdoi ks coop R5.png  used on input line 780.
(pdftex.def)             Requested size: 362.77264pt x 366.0631pt.
 [24 <../Images/sh crypto gdoi ks coop R1.png>]
<../Images/sh crypto gdoi R4 ks R1 p1.png, id=561, 670.505pt x 825.0825pt>
File: ../Images/sh crypto gdoi R4 ks R1 p1.png Graphic file (type png)
<use ../Images/sh crypto gdoi R4 ks R1 p1.png>
Package pdftex.def Info: ../Images/sh crypto gdoi R4 ks R1 p1.png  used on input line 801.
(pdftex.def)             Requested size: 314.40001pt x 386.88237pt.
<../Images/sh crypto gdoi R4 ks R1 p2.png, id=562, 670.505pt x 520.94624pt>
File: ../Images/sh crypto gdoi R4 ks R1 p2.png Graphic file (type png)
<use ../Images/sh crypto gdoi R4 ks R1 p2.png>
Package pdftex.def Info: ../Images/sh crypto gdoi R4 ks R1 p2.png  used on input line 806.
(pdftex.def)             Requested size: 314.40001pt x 244.27245pt.
 [25 <../Images/sh crypto gdoi ks coop R5.png>]
Overfull \vbox (12.7939pt too high) has occurred while \output is active []

 [26 <../Images/sh crypto gdoi R4 ks R1 p1.png> <../Images/sh crypto gdoi R4 ks R1 p2.png>]
<../Images/console messages on R5 after R1 down.png, id=576, 1369.115pt x 84.315pt>
File: ../Images/console messages on R5 after R1 down.png Graphic file (type png)
<use ../Images/console messages on R5 after R1 down.png>
Package pdftex.def Info: ../Images/console messages on R5 after R1 down.png  used on input line 825.
(pdftex.def)             Requested size: 507.88318pt x 31.2771pt.

Overfull \hbox (24.18631pt too wide) in paragraph at lines 825--827
 [][] 
 []

<../Images/sh crypto gdoi ks coop R5 after R1 shut.png, id=578, 670.505pt x 615.29875pt>
File: ../Images/sh crypto gdoi ks coop R5 after R1 shut.png Graphic file (type png)
<use ../Images/sh crypto gdoi ks coop R5 after R1 shut.png>
Package pdftex.def Info: ../Images/sh crypto gdoi ks coop R5 after R1 shut.png  used on input line 836.
(pdftex.def)             Requested size: 411.14528pt x 377.29391pt.
[27 <../Images/console messages on R5 after R1 down.png> <../Images/sh crypto gdoi ks coop R5 after R1 shut.png>]
<../Images/wireshark overview coop reset up.png, id=588, 987.69pt x 778.91pt>
File: ../Images/wireshark overview coop reset up.png Graphic file (type png)
<use ../Images/wireshark overview coop reset up.png>
Package pdftex.def Info: ../Images/wireshark overview coop reset up.png  used on input line 851.
(pdftex.def)             Requested size: 411.14528pt x 324.2281pt.
<../Images/sh crypto gdoi ks members R5 p1.png, id=590, 660.4675pt x 451.6875pt>
File: ../Images/sh crypto gdoi ks members R5 p1.png Graphic file (type png)
<use ../Images/sh crypto gdoi ks members R5 p1.png>
Package pdftex.def Info: ../Images/sh crypto gdoi ks members R5 p1.png  used on input line 868.
(pdftex.def)             Requested size: 314.40001pt x 215.02245pt.
<../Images/sh crypto gdoi ks members R5 p2.png, id=591, 660.4675pt x 626.34pt>
File: ../Images/sh crypto gdoi ks members R5 p2.png Graphic file (type png)
<use ../Images/sh crypto gdoi ks members R5 p2.png>
Package pdftex.def Info: ../Images/sh crypto gdoi ks members R5 p2.png  used on input line 873.
(pdftex.def)             Requested size: 314.40001pt x 298.16447pt.
 [28 <../Images/wireshark overview coop reset up.png>] [29 <../Images/sh crypto gdoi ks members R5 p1.png> <../Images/sh crypto gdoi ks members R5 p2.png>]
<../Images/debug_R2_psk_missing.png, id=607, 1064.97874pt x 344.28625pt>
File: ../Images/debug_R2_psk_missing.png Graphic file (type png)
<use ../Images/debug_R2_psk_missing.png>
Package pdftex.def Info: ../Images/debug_R2_psk_missing.png  used on input line 896.
(pdftex.def)             Requested size: 459.51054pt x 148.54977pt.
<../Images/debug_R2_psk_error.png, id=608, 818.05624pt x 98.3675pt>
File: ../Images/debug_R2_psk_error.png Graphic file (type png)
<use ../Images/debug_R2_psk_error.png>
Package pdftex.def Info: ../Images/debug_R2_psk_error.png  used on input line 904.
(pdftex.def)             Requested size: 459.51054pt x 55.255pt.
\openout6 = `project-report.listing'.

 (./project-report.listing) [30 <../Images/debug_R2_psk_missing.png> <../Images/debug_R2_psk_error.png>]
<../Images/wiresharkoveriew after failover test success.png, id=624, 1127.21124pt x 502.87875pt>
File: ../Images/wiresharkoveriew after failover test success.png Graphic file (type png)
<use ../Images/wiresharkoveriew after failover test success.png>
Package pdftex.def Info: ../Images/wiresharkoveriew after failover test success.png  used on input line 947.
(pdftex.def)             Requested size: 411.14528pt x 183.4226pt.
<../Images/R2 registered with R5 p1.png, id=627, 818.05624pt x 864.22874pt>
File: ../Images/R2 registered with R5 p1.png Graphic file (type png)
<use ../Images/R2 registered with R5 p1.png>
Package pdftex.def Info: ../Images/R2 registered with R5 p1.png  used on input line 963.
(pdftex.def)             Requested size: 314.40001pt x 332.14226pt.
<../Images/R2 registered with R5 p2.png, id=628, 818.05624pt x 610.28pt>
File: ../Images/R2 registered with R5 p2.png Graphic file (type png)
<use ../Images/R2 registered with R5 p2.png>
Package pdftex.def Info: ../Images/R2 registered with R5 p2.png  used on input line 968.
(pdftex.def)             Requested size: 314.40001pt x 234.54413pt.
 [31 <../Images/wiresharkoveriew after failover test success.png>]
<../Images/sh gdoi members R5 success p1.png, id=637, 818.05624pt x 699.61375pt>
File: ../Images/sh gdoi members R5 success p1.png Graphic file (type png)
<use ../Images/sh gdoi members R5 success p1.png>
Package pdftex.def Info: ../Images/sh gdoi members R5 success p1.png  used on input line 982.
(pdftex.def)             Requested size: 314.40001pt x 268.87708pt.
<../Images/sh gdoi members R5 success p2.png, id=638, 818.05624pt x 428.60126pt>
File: ../Images/sh gdoi members R5 success p2.png Graphic file (type png)
<use ../Images/sh gdoi members R5 success p2.png>
Package pdftex.def Info: ../Images/sh gdoi members R5 success p2.png  used on input line 987.
(pdftex.def)             Requested size: 314.40001pt x 164.72096pt.
 [32 <../Images/R2 registered with R5 p1.png> <../Images/R2 registered with R5 p2.png>]
<../Images/successful ping after failover test.png, id=647, 769.87625pt x 132.495pt>
File: ../Images/successful ping after failover test.png Graphic file (type png)
<use ../Images/successful ping after failover test.png>
Package pdftex.def Info: ../Images/successful ping after failover test.png  used on input line 1001.
(pdftex.def)             Requested size: 411.14528pt x 70.75978pt.
 [33 <../Images/sh gdoi members R5 success p1.png> <../Images/sh gdoi members R5 success p2.png> <../Images/Successful ping after failover test.png>]
<../Images/wireshark re-registration overview.png, id=657, 1127.21124pt x 651.43375pt>
File: ../Images/wireshark re-registration overview.png Graphic file (type png)
<use ../Images/wireshark re-registration overview.png>
Package pdftex.def Info: ../Images/wireshark re-registration overview.png  used on input line 1020.
(pdftex.def)             Requested size: 411.14528pt x 237.60732pt.
<../Images/contents of new group msg.png, id=659, 933.4875pt x 836.12375pt>
File: ../Images/contents of new group msg.png Graphic file (type png)
<use ../Images/contents of new group msg.png>
Package pdftex.def Info: ../Images/contents of new group msg.png  used on input line 1032.
(pdftex.def)             Requested size: 411.14528pt x 368.26556pt.
 [34 <../Images/wireshark re-registration overview.png>] [35 <../Images/contents of new group msg.png>]
<../Images/topology COOP CA.png, id=674, 550.055pt x 505.89pt>
File: ../Images/topology COOP CA.png Graphic file (type png)
<use ../Images/topology COOP CA.png>
Package pdftex.def Info: ../Images/topology COOP CA.png  used on input line 1068.
(pdftex.def)             Requested size: 362.77264pt x 333.65685pt.
\openout6 = `project-report.listing'.

 (./project-report.listing) [36 <../Images/topology COOP CA.png>]
\openout6 = `project-report.listing'.

 (./project-report.listing)
\openout6 = `project-report.listing'.

 (./project-report.listing)
<../Images/wireshark authenticate R1 CA.png, id=693, 1530.71875pt x 510.90875pt>
File: ../Images/wireshark authenticate R1 CA.png Graphic file (type png)
<use ../Images/wireshark authenticate R1 CA.png>
Package pdftex.def Info: ../Images/wireshark authenticate R1 CA.png  used on input line 1129.
(pdftex.def)             Requested size: 507.88318pt x 169.51251pt.

Overfull \hbox (24.18631pt too wide) in paragraph at lines 1129--1132
 [][] 
 []

<../Images/wireshark enroll R1 CA.png, id=694, 1530.71875pt x 390.45876pt>
File: ../Images/wireshark enroll R1 CA.png Graphic file (type png)
<use ../Images/wireshark enroll R1 CA.png>
Package pdftex.def Info: ../Images/wireshark enroll R1 CA.png  used on input line 1138.
(pdftex.def)             Requested size: 507.88318pt x 129.54886pt.

Overfull \hbox (24.18631pt too wide) in paragraph at lines 1138--1141
 [][] 
 []

[37 <../Images/wireshark authenticate R1 CA.png>]
Overfull \hbox (53.31131pt too wide) in paragraph at lines 1145--1151
\OT1/cmr/m/n/12 cer-tifi-cate (\OT1/cmtt/m/n/12 operation=GetCACert\OT1/cmr/m/n/12 ), and the sec-ond re-trieves the CA ca-pa-bil-i-ties (\OT1/cmtt/m/n/12 operation=GetCACaps\OT1/cmr/m/n/12 ).
 []

<../Images/content packet 55 auth.png, id=714, 1485.55pt x 510.90875pt>
File: ../Images/content packet 55 auth.png Graphic file (type png)
<use ../Images/content packet 55 auth.png>
Package pdftex.def Info: ../Images/content packet 55 auth.png  used on input line 1154.
(pdftex.def)             Requested size: 507.88318pt x 174.66556pt.

Overfull \hbox (24.18631pt too wide) in paragraph at lines 1154--1156
 [][] 
 []


Underfull \hbox (badness 10000) in paragraph at lines 1156--1156
[]\OT1/cmr/bx/n/12 Figure 39: |\OT1/cmr/m/n/12 HTTP GET re-quest from R1 to the CA:
 []

<../Images/content packet 58 auth.png, id=715, 1485.55pt x 709.65125pt>
File: ../Images/content packet 58 auth.png Graphic file (type png)
<use ../Images/content packet 58 auth.png>
Package pdftex.def Info: ../Images/content packet 58 auth.png  used on input line 1162.
(pdftex.def)             Requested size: 507.88318pt x 242.61012pt.

Overfull \hbox (24.18631pt too wide) in paragraph at lines 1162--1164
 [][] 
 []

[38 <../Images/wireshark enroll R1 CA.png> <../Images/content packet 55 auth.png>]
Overfull \hbox (51.89436pt too wide) in paragraph at lines 1168--1173
\OT1/cmr/m/n/12 due to \OT1/cmtt/m/n/12 grant auto \OT1/cmr/m/n/12 and re-sponds with the signed cer-tifi-cate as con-tent type \OT1/cmtt/m/n/12 application/x-pki-message\OT1/cmr/m/n/12 .
 []

<../Images/content packet 182 enr.png, id=726, 1532.72626pt x 709.65125pt>
File: ../Images/content packet 182 enr.png Graphic file (type png)
<use ../Images/content packet 182 enr.png>
Package pdftex.def Info: ../Images/content packet 182 enr.png  used on input line 1176.
(pdftex.def)             Requested size: 507.88318pt x 235.14935pt.

Overfull \hbox (24.18631pt too wide) in paragraph at lines 1176--1177
 [][] 
 []


Underfull \hbox (badness 10000) in paragraph at lines 1177--1177
[]\OT1/cmr/bx/n/12 Figure 41: |\OT1/cmr/m/n/12 HTTP GET from R1 car-ry-ing the base64-encoded CSR
 []

<../Images/content packet 189 enr.png, id=727, 1532.72626pt x 709.65125pt>
File: ../Images/content packet 189 enr.png Graphic file (type png)
<use ../Images/content packet 189 enr.png>
Package pdftex.def Info: ../Images/content packet 189 enr.png  used on input line 1183.
(pdftex.def)             Requested size: 507.88318pt x 235.14935pt.

Overfull \hbox (24.18631pt too wide) in paragraph at lines 1183--1184
 [][] 
 []


Underfull \hbox (badness 10000) in paragraph at lines 1184--1184
[]\OT1/cmr/bx/n/12 Figure 42: |\OT1/cmr/m/n/12 CA re-sponse de-liv-er-ing the signed cer-tifi-cate: \OT1/cmtt/m/n/12 200 OK
 []

[39 <../Images/content packet 58 auth.png> <../Images/content packet 182 enr.png>]
<../Images/crypto pki authenticate GETVPN_CA R1.png, id=737, 643.40375pt x 148.555pt>
File: ../Images/crypto pki authenticate GETVPN_CA R1.png Graphic file (type png)
<use ../Images/crypto pki authenticate GETVPN_CA R1.png>
Package pdftex.def Info: ../Images/crypto pki authenticate GETVPN_CA R1.png  used on input line 1197.
(pdftex.def)             Requested size: 411.14528pt x 94.93205pt.
<../Images/crypto pki certificates R1.png, id=740, 672.5125pt x 762.85pt>
File: ../Images/crypto pki certificates R1.png Graphic file (type png)
<use ../Images/crypto pki certificates R1.png>
Package pdftex.def Info: ../Images/crypto pki certificates R1.png  used on input line 1211.
(pdftex.def)             Requested size: 362.77264pt x 411.50218pt.
 [40 <../Images/content packet 189 enr.png> <../Images/crypto pki authenticate GETVPN_CA R1.png>]
<../Images/crypto pki certificates R5.png, id=750, 672.5125pt x 710.655pt>
File: ../Images/crypto pki certificates R5.png Graphic file (type png)
<use ../Images/crypto pki certificates R5.png>
Package pdftex.def Info: ../Images/crypto pki certificates R5.png  used on input line 1219.
(pdftex.def)             Requested size: 362.77264pt x 383.34677pt.
 [41 <../Images/crypto pki certificates R1.png>]
\openout6 = `project-report.listing'.

 (./project-report.listing)
<../Images/rekey_auth_certificate_unsupported.png, id=758, 623.32875pt x 134.5025pt>
File: ../Images/rekey_auth_certificate_unsupported.png Graphic file (type png)
<use ../Images/rekey_auth_certificate_unsupported.png>
Package pdftex.def Info: ../Images/rekey_auth_certificate_unsupported.png  used on input line 1242.
(pdftex.def)             Requested size: 459.51054pt x 99.1547pt.
 [42 <../Images/crypto pki certificates R5.png>] [43 <../Images/rekey_auth_certificate_unsupported.png>]
Underfull \hbox (badness 10000) in paragraph at lines 1335--1339
[]\OT1/cmr/m/n/12 Cisco Sys-tems, \OT1/cmr/m/it/12 Con-fig-ure GETVPN with COOP Key Servers\OT1/cmr/m/n/12 , Cisco Tech-
 []


Underfull \hbox (badness 10000) in paragraph at lines 1335--1339
\OT1/cmr/m/n/12 ni-cal Doc-u-men-ta-tion, Avail-able at: [][]$\OT1/cmtt/m/n/12 https : / / www . cisco . com / c / en / us /
 []


Underfull \hbox (badness 10000) in paragraph at lines 1335--1339
\OT1/cmtt/m/n/12 support / docs / routers / asr-[]1000-[]series-[]aggregation-[]services-[]routers /
 []

[44] (./project-report.aux)
Package rerunfilecheck Info: File `project-report.out' has not changed.
(rerunfilecheck)             Checksum: 927A99C282E72D27E4F58BD09343F14D;7806.
 ) 
Here is how much of TeX's memory you used:
 35245 strings out of 480247
 739878 string characters out of 5896151
 1128296 words of memory out of 5000000
 52317 multiletter control sequences out of 15000+600000
 480124 words of font info for 70 fonts, out of 8000000 for 9000
 14 hyphenation exceptions out of 8191
 99i,12n,117p,805b,1541s stack positions out of 5000i,500n,10000p,200000b,80000s
{/usr/share/texmf/fonts/enc/dvips/cm-super/cm-super-ts1.enc}</usr/share/texlive/texmf-dist/fonts/type1/public/amsfonts/cm/cmbx10.pfb></usr/share/texlive/texmf-dist/fonts/type1/public/amsfonts/cm/cmbx12.pfb></usr/share/texlive/texmf-dist/fonts/type1/public/amsfonts/cm/cmcsc10.pfb></usr/share/texlive/texmf-dist/fonts/type1/public/amsfonts/cm/cmr10.pfb></usr/share/texlive/texmf-dist/fonts/type1/public/amsfonts/cm/cmr12.pfb></usr/share/texlive/texmf-dist/fonts/type1/public/amsfonts/cm/cmsy10.pfb></usr/share/texlive/texmf-dist/fonts/type1/public/amsfonts/cm/cmti12.pfb></usr/share/texlive/texmf-dist/fonts/type1/public/amsfonts/cm/cmtt10.pfb></usr/share/texlive/texmf-dist/fonts/type1/public/amsfonts/cm/cmtt12.pfb></usr/share/texmf/fonts/type1/public/cm-super/sfrm1200.pfb>
Output written on project-report.pdf (45 pages, 4429536 bytes).
PDF statistics:
 881 PDF objects out of 1000 (max. 8388607)
 667 compressed objects within 7 object streams
 236 named destinations out of 1000 (max. 500000)
 799 words of extra memory for PDF output out of 10000 (max. 10000000)

